npm warn deprecated inflight@1.0.6: This module is not supported, and leaks memory. Do not use it. Check out lru-cache if you want a good and tested way to coalesce async requests by a key value, which is much more comprehensive and powerful.
npm warn deprecated rimraf@3.0.2: Rimraf versions prior to v4 are no longer supported
npm warn deprecated glob@7.2.3: Old versions of glob are not supported, and contain widely publicized security vulnerabilities, which have been fixed in the current version. Please update. Support for old versions may be purchased (at exorbitant rates) by contacting i@izs.me
npm warn deprecated glob@7.2.3: Old versions of glob are not supported, and contain widely publicized security vulnerabilities, which have been fixed in the current version. Please update. Support for old versions may be purchased (at exorbitant rates) by contacting i@izs.me
npm warn deprecated glob@7.2.3: Old versions of glob are not supported, and contain widely publicized security vulnerabilities, which have been fixed in the current version. Please update. Support for old versions may be purchased (at exorbitant rates) by contacting i@izs.me
npm warn deprecated glob@7.2.3: Old versions of glob are not supported, and contain widely publicized security vulnerabilities, which have been fixed in the current version. Please update. Support for old versions may be purchased (at exorbitant rates) by contacting i@izs.me
npm warn deprecated uuid@7.0.3: uuid@10 and below is no longer supported.  For ESM codebases, update to uuid@latest.  For CommonJS codebases, use uuid@11 (but be aware this version will likely be deprecated in 2028).
npm warn cleanup Failed to remove some directories [
npm warn cleanup   [
npm warn cleanup     '\\\\?\\d:\\Escritorio\\Noveno Cuatrimestre\\Programacion movil\\PM206\\practica19\\usuarioApi\\usuarioApi\\node_modules\\react-native',
npm warn cleanup     [Error: ENOTEMPTY: directory not empty, rmdir 'd:\Escritorio\Noveno Cuatrimestre\Programacion movil\PM206\practica19\usuarioApi\usuarioApi\node_modules\react-native\Libraries\Components\AccessibilityInfo'] {
npm warn cleanup       errno: -4051,
npm warn cleanup       code: 'ENOTEMPTY',
npm warn cleanup       syscall: 'rmdir',
npm warn cleanup       path: 'd:\\Escritorio\\Noveno Cuatrimestre\\Programacion movil\\PM206\\practica19\\usuarioApi\\usuarioApi\\node_modules\\react-native\\Libraries\\Components\\AccessibilityInfo'
npm warn cleanup     }
npm warn cleanup   ],
npm warn cleanup   [
npm warn cleanup     'd:\\Escritorio\\Noveno Cuatrimestre\\Programacion movil\\PM206\\practica19\\usuarioApi\\usuarioApi\\node_modules\\react-native',
npm warn cleanup     [Error: ENOTEMPTY: directory not empty, rmdir 'd:\Escritorio\Noveno Cuatrimestre\Programacion movil\PM206\practica19\usuarioApi\usuarioApi\node_modules\react-native\Libraries\Components\ActivityIndicator'] {
npm warn cleanup       errno: -4051,
npm warn cleanup       code: 'ENOTEMPTY',
npm warn cleanup       syscall: 'rmdir',
npm warn cleanup       path: 'd:\\Escritorio\\Noveno Cuatrimestre\\Programacion movil\\PM206\\practica19\\usuarioApi\\usuarioApi\\node_modules\\react-native\\Libraries\\Components\\ActivityIndicator'
npm warn cleanup     }
npm warn cleanup   ],
npm warn cleanup   [
npm warn cleanup     '\\\\?\\d:\\Escritorio\\Noveno Cuatrimestre\\Programacion movil\\PM206\\practica19\\usuarioApi\\usuarioApi\\node_modules\\expo\\node_modules',
npm warn cleanup     [Error: EPERM: operation not permitted, rmdir 'd:\Escritorio\Noveno Cuatrimestre\Programacion movil\PM206\practica19\usuarioApi\usuarioApi\node_modules\expo\node_modules\@expo\cli\build\src'] {
npm warn cleanup       errno: -4048,
npm warn cleanup       code: 'EPERM',
npm warn cleanup       syscall: 'rmdir',
npm warn cleanup       path: 'd:\\Escritorio\\Noveno Cuatrimestre\\Programacion movil\\PM206\\practica19\\usuarioApi\\usuarioApi\\node_modules\\expo\\node_modules\\@expo\\cli\\build\\src'
npm warn cleanup     }
npm warn cleanup   ]
npm warn cleanup ]
npm error code ENOTEMPTY
npm error syscall rmdir
npm error path d:\Escritorio\Noveno Cuatrimestre\Programacion movil\PM206\practica19\usuarioApi\usuarioApi\node_modules\caniuse-lite\data\features
npm error errno -4051
npm error ENOTEMPTY: directory not empty, rmdir 'd:\Escritorio\Noveno Cuatrimestre\Programacion movil\PM206\practica19\usuarioApi\usuarioApi\node_modules\caniuse-lite\data\features'
npm error A complete log of this run can be found in: C:\Users\andre\AppData\Local\npm-cache\_logs\2026-08-07T22_05_56_107Z-debug-0.log
