.acorn-aocyGowW
.ajv-eIodl4De
.baseline-browser-mapping-jCVfQ0HE
.bin
.browserslist-EzdKahfy
.caniuse-lite-LM1CcYOx
.chrome-launcher-0Al3FdXe
.esprima-E4xBJ069
.expo-modules-autolinking-A2YqZvbC
.expo-modules-core-eNyaUePT
.expo-PWlhjh9D
.expo-router-wCj7lzjn
.expo-server-20i1nAqD
.image-size-dbUXUC0g
.is-docker-mlZ7cPR3
.js-yaml-9rJyeEHk
.jsesc-wirOq3nU
.json5-McaYkKo0
.lan-network-DwFWIvA9
.loose-envify-G1vwGcio
.metro-file-map-EkxDY9vR
.metro-JgELHUku
.metro-symbolicate-xwNtPVCu
.mime-6nWXF13G
.mkdirp-IixzvCvA
.nanoid-GpxBSSUy
.prompts-aju2HUCj
.qrcode-terminal-oj6ZZnDP
.rc-pmLmAo09
.react-dom-SRnjdCw8
.react-native-FZGowLIf
.react-native-gesture-handler-9utDz3AF
.react-native-safe-area-context-fWFJyYiG
.react-native-screens-ju27CMQ7
.react-native-web-u5ZSRTzH
.regenerate-unicode-properties-CQUpKiXo
.regjsparser-swZPRbRQ
.resolve-KHr8oJ69
.rimraf-yVupSHTf
.semver-MqHyKcta
.sucrase-uNdHgC1Z
.tar-hhpxH5zk
.terser-9JAdk5Wi
.ua-parser-js-crmNnJMl
.undici-Be2CKNWB
.update-browserslist-db-Iqyyiqfj
.uuid-NKDbxxbW
.which-6U8mKTPn
.yaml-kZVwHvIO
@0no-co
@babel
@egjs
@expo
@isaacs
@istanbuljs
@jest
@jridgewell
@radix-ui
@react-native
@react-navigation
@sinclair
@sinonjs
@types
@ungap
@urql
@xmldom
abort-controller
accepts
acorn
agent-base
ajv
anser
ansi-escapes
ansi-regex
ansi-styles
any-promise
anymatch
arg
argparse
aria-hidden
asap
async-limiter
babel-plugin-istanbul
babel-plugin-jest-hoist
babel-plugin-react-compiler
babel-plugin-react-native-web
babel-plugin-syntax-hermes-parser
babel-plugin-transform-flow-enums
balanced-match
base64-js
baseline-browser-mapping
better-opn
big-integer
bplist-creator
bplist-parser
brace-expansion
braces
browserslist
bser
buffer
buffer-from
bytes
camelcase
caniuse-lite
chalk
chownr
chrome-launcher
chromium-edge-launcher
ci-info
cli-cursor
cli-spinners
client-only
cliui
clone
color
color-convert
color-name
color-string
commander
compressible
compression
concat-map
connect
convert-source-map
core-js-compat
cross-fetch
cross-spawn
css-in-js-utils
debug
decode-uri-component
deep-extend
deepmerge
defaults
define-lazy-prop
depd
destroy
detect-libc
detect-node-es
dotenv
dotenv-expand
ee-first
electron-to-chromium
emoji-regex
encodeurl
env-editor
error-stack-parser
es-errors
escalade
escape-html
escape-string-regexp
esprima
etag
event-target-shim
expo
expo-build-properties
expo-constants
expo-font
expo-linking
expo-modules-autolinking
expo-modules-core
expo-router
expo-server
expo-splash-screen
expo-status-bar
exponential-backoff
fast-deep-equal
fast-json-stable-stringify
fast-uri
fb-watchman
fbjs
fbjs-css-vars
fill-range
filter-obj
finalhandler
find-up
flow-enums-runtime
fontfaceobserver
freeport-async
fresh
fs.realpath
function-bind
gensync
get-caller-file
get-nonce
get-package-type
getenv
glob
graceful-fs
has-flag
hasown
hermes-estree
hermes-parser
hoist-non-react-statics
hosted-git-info
http-errors
https-proxy-agent
hyphenate-style-name
ieee754
ignore
image-size
imurmurhash
inflight
inherits
ini
inline-style-prefixer
invariant
is-arrayish
is-core-module
is-docker
is-fullwidth-code-point
is-number
is-wsl
isexe
istanbul-lib-coverage
jest-environment-node
jest-get-type
jest-haste-map
jest-message-util
jest-mock
jest-regex-util
jest-util
jest-validate
jest-worker
jimp-compact
js-tokens
js-yaml
jsc-safe-url
jsesc
json-schema-traverse
json5
kleur
lan-network
leven
lighthouse-logger
lightningcss
lines-and-columns
locate-path
lodash.debounce
lodash.throttle
log-symbols
loose-envify
lru-cache
makeerror
marky
memoize-one
merge-stream
metro
metro-babel-transformer
metro-cache
metro-cache-key
metro-config
metro-core
metro-file-map
metro-minify-terser
metro-resolver
metro-runtime
metro-source-map
metro-symbolicate
metro-transform-plugins
metro-transform-worker
micromatch
mime
mime-db
mime-types
mimic-fn
minimatch
minimist
minipass
minizlib
mkdirp
ms
mz
nanoid
negotiator
nested-error-stacks
node-fetch
node-forge
node-int64
node-releases
normalize-path
npm-package-arg
nullthrows
ob1
object-assign
on-finished
on-headers
once
onetime
open
ora
p-limit
p-locate
p-try
parse-png
parseurl
path-exists
path-is-absolute
path-key
path-parse
path-scurry
picocolors
picomatch
pirates
plist
pngjs
postcss
postcss-value-parser
pretty-bytes
pretty-format
proc-log
progress
promise
prompts
punycode
qrcode-terminal
query-string
queue
range-parser
rc
react
react-devtools-core
react-dom
react-fast-compare
react-freeze
react-is
react-native
react-native-gesture-handler
react-native-is-edge-to-edge
react-native-safe-area-context
react-native-screens
react-native-web
react-refresh
react-remove-scroll
react-remove-scroll-bar
react-style-singleton
regenerate
regenerate-unicode-properties
regenerator-runtime
regexpu-core
regjsgen
regjsparser
require-directory
require-from-string
requireg
resolve
resolve-from
resolve-workspace-root
resolve.exports
restore-cursor
rimraf
safe-buffer
sax
scheduler
semver
send
serialize-error
serve-static
server-only
setimmediate
setprototypeof
sf-symbols-typescript
shallowequal
shebang-command
shebang-regex
shell-quote
signal-exit
simple-plist
simple-swizzle
sisteransi
slash
slugify
source-map
source-map-js
source-map-support
split-on-first
sprintf-js
stack-utils
stackframe
stacktrace-parser
standard-navigation
statuses
stream-buffers
strict-uri-encode
string-width
strip-ansi
strip-json-comments
structured-headers
styleq
sucrase
supports-color
supports-hyperlinks
supports-preserve-symlinks-flag
tar
terminal-link
terser
test-exclude
thenify
thenify-all
throat
tinyglobby
tmpl
to-regex-range
toidentifier
tr46
ts-interface-checker
tslib
type-detect
type-fest
ua-parser-js
undici
undici-types
unicode-canonical-property-names-ecmascript
unicode-match-property-ecmascript
unicode-match-property-value-ecmascript
unicode-property-aliases-ecmascript
unpipe
update-browserslist-db
use-callback-ref
use-latest-callback
use-sidecar
use-sync-external-store
utils-merge
uuid
validate-npm-package-name
vary
vaul
vlq
walker
warn-once
wcwidth
webidl-conversions
whatwg-fetch
whatwg-url
whatwg-url-without-unicode
which
wonka
wrap-ansi
wrappy
write-file-atomic
ws
xcode
xml2js
xmlbuilder
y18n
yallist
yaml
yargs
yargs-parser
yocto-queue
